// Jest Snapshot v1, https://goo.gl/fbAQLP

exports[`ITestSnapshot 1`] = `
Object {
  "key": "Test",
  "schema": Object {
    "$schema": "http://json-schema.org/draft-04/schema#",
    "additionalProperties": false,
    "id": undefined,
    "properties": Object {
      "a": Object {
        "description": "a",
        "minimum": 1,
        "type": "number",
      },
    },
    "required": Array [
      "a",
    ],
    "type": "object",
  },
  "type": "ITest",
}
`;
